


ARM Macro Assembler    Page 1 


    1 00000000                 AREA             |.text|, CODE, READONLY, ALIGN=
2
    2 00000000                 THUMB
    3 00000000         
    4 00000000         ;;;;;;;;;;;;;;;;;;;;;;;;;;;;;;;;;;;;;;;;;;;;;;;;;;;;;;;;
                       ;;;;;;;;;;;;;;;;;;;;;;;;;;;;;;;
    5 00000000         ; System Timer Definition
    6 00000000 E000E010 
                       STCTRL  EQU              0xE000E010  ; SysTick Control a
                                                            nd Status Register
    7 00000000 E000E014 
                       STRELOAD
                               EQU              0xE000E014  ; SysTick Reload Va
                                                            lue Register
    8 00000000 E000E018 
                       STCURRENT
                               EQU              0xE000E018  ; SysTick Current V
                                                            alue Register
    9 00000000         
   10 00000000 00000004 
                       STCTRL_STOP
                               EQU              0x00000004  ; Bit 2 (CLK_SRC) =
                                                             1, Bit 1 (INT_EN) 
                                                            = 0, Bit 0 (ENABLE)
                                                             = 0
   11 00000000 00000007 
                       STCTRL_GO
                               EQU              0x00000007  ; Bit 2 (CLK_SRC) =
                                                             1, Bit 1 (INT_EN) 
                                                            = 1, Bit 0 (ENABLE)
                                                             = 1
   12 00000000 00FFFFFF 
                       STRELOAD_MX
                               EQU              0x00FFFFFF  ; MAX Value = 1/16M
                                                            Hz * 16M = 1 second
                                                            
   13 00000000 00000000 
                       STCURR_CLR
                               EQU              0x00000000  ; Clear STCURRENT a
                                                            nd STCTRL.COUNT 
   14 00000000 0000000E 
                       SIGALRM EQU              14          ; sig alarm
   15 00000000         
   16 00000000         ; System Variables
   17 00000000 20007B80 
                       SECOND_LEFT
                               EQU              0x20007B80  ; Secounds left for
                                                             alarm( )
   18 00000000 20007B84 
                       USR_HANDLER
                               EQU              0x20007B84  ; Address of a user
                                                            -given signal handl
                                                            er function 
   19 00000000         
   20 00000000         ;;;;;;;;;;;;;;;;;;;;;;;;;;;;;;;;;;;;;;;;;;;;;;;;;;;;;;;;
                       ;;;;;;;;;;;;;;;;;;;;;;;;;;;;;;;
   21 00000000         ; Timer initialization
   22 00000000         ; void timer_init( )
   23 00000000                 EXPORT           _timer_init



ARM Macro Assembler    Page 2 


   24 00000000         _timer_init
   25 00000000         ;; Implement by yourself
   26 00000000         ;Stop SysTick
   27 00000000 F04F 0004       LDR              R0, =STCTRL_STOP
   28 00000004 4919            LDR              R1, =STCTRL
   29 00000006 6008            STR              R0, [R1]
   30 00000008         ;Load Max to SYST_RVR
   31 00000008 F06F 407F       LDR              R0, =STRELOAD_MX
   32 0000000C 4918            LDR              R1, =STRELOAD
   33 0000000E 6008            STR              R0, [R1]
   34 00000010 46F7            MOV              pc, lr      ; return to Reset_H
                                                            andler
   35 00000012         
   36 00000012         ;;;;;;;;;;;;;;;;;;;;;;;;;;;;;;;;;;;;;;;;;;;;;;;;;;;;;;;;
                       ;;;;;;;;;;;;;;;;;;;;;;;;;;;;;;;
   37 00000012         ; Timer start
   38 00000012         ; int timer_start( int seconds )
   39 00000012                 EXPORT           _timer_start
   40 00000012         _timer_start
   41 00000012         ;; Implement by yourself
   42 00000012 4918            LDR              R1, =SECOND_LEFT
   43 00000014 680A            LDR              R2, [R1]    ;Get previous value
                                                             at 0x20007B80 
   44 00000016 6008            STR              R0, [R1]    ;Set new seconds va
                                                            lue at 0x20007B80
   45 00000018 4B14            LDR              R3, =STCTRL
   46 0000001A F04F 0407       LDR              R4, =STCTRL_GO
   47 0000001E 601C            STR              R4, [R3]    ;Enable SysTick wit
                                                            h STCTRL to bits 11
                                                            1
   48 00000020 4B15            LDR              R3, =STCURRENT
   49 00000022 F04F 0400       LDR              R4, =STCURR_CLR
   50 00000026 601C            STR              R4, [R3]    ;Clear SYST_CVR wit
                                                            h 0x00000000
   51 00000028 4610            MOV              R0, R2      ;Return previous va
                                                            lue at USR_HANDLER
   52 0000002A 46F7            MOV              pc, lr      ; return to SVC_Han
                                                            dler
   53 0000002C         
   54 0000002C         ;;;;;;;;;;;;;;;;;;;;;;;;;;;;;;;;;;;;;;;;;;;;;;;;;;;;;;;;
                       ;;;;;;;;;;;;;;;;;;;;;;;;;;;;;;;
   55 0000002C         ; Timer update
   56 0000002C         ; void timer_update( )
   57 0000002C                 EXPORT           _timer_update
   58 0000002C         _timer_update
   59 0000002C         ;; Implement by yourself
   60 0000002C F8DF 8044       LDR              R8, =SECOND_LEFT
   61 00000030 F8D8 4000       LDR              R4, [R8]
   62 00000034 3C01            SUBS             R4, #1
   63 00000036 F8C8 4000       STR              R4, [R8]    ;Save back decremen
                                                            t value to seconds 
                                                            remain
   64 0000003A D10D            BNE              _timer_update_done
   65 0000003C F04F 0504       LDR              R5, =STCTRL_STOP
   66 00000040 682E            LDR              R6, [R5]    ;Load value of STRC
                                                            TRL_STOP into R6
   67 00000042 4D0A            LDR              R5, =STCTRL
   68 00000044 602E            STR              R6, [R5]    ;Load value of STRC
                                                            TRL_STOP into addre



ARM Macro Assembler    Page 3 


                                                            ss STRCTRL
   69 00000046         
   70 00000046 4C0D            LDR              R4, =USR_HANDLER
   71 00000048 6825            LDR              R5, [R4]
   72 0000004A 2403            MOVS             R4, #3
   73 0000004C F384 8814       MSR              CONTROL, R4
   74 00000050 B500            PUSH{LR}
   75 00000052 47A8            BLX              R5
   76 00000054 F85D EB04       POP{LR}
   77 00000058         _timer_update_done
   78 00000058 46F7            MOV              pc, lr      ; return to SysTick
                                                            _Handler
   79 0000005A         
   80 0000005A         ;;;;;;;;;;;;;;;;;;;;;;;;;;;;;;;;;;;;;;;;;;;;;;;;;;;;;;;;
                       ;;;;;;;;;;;;;;;;;;;;;;;;;;;;;;;
   81 0000005A         ; Timer update
   82 0000005A         ; void* signal_handler( int signum, void* handler )
   83 0000005A                 EXPORT           _signal_handler
   84 0000005A         _signal_handler
   85 0000005A         ;; Implement by yourself
   86 0000005A F04F 030E       LDR              R3, =SIGALRM
   87 0000005E 4C07            LDR              R4, =USR_HANDLER
   88 00000060 6825            LDR              R5, [R4]    ;Previous Value of 
                                                            0x2007B84 USR_HANDL
                                                            ER
   89 00000062 4298            CMP              R0, R3
   90 00000064 BF08 6021       STREQ            R1, [R4]
   91 00000068 4628            MOV              R0, R5      ;Assign previous va
                                                            lue to R0 to return
                                                             to main
   92 0000006A 46F7            MOV              pc, lr      ; return to Reset_H
                                                            andler
   93 0000006C                 END
              E000E010 
              E000E014 
              20007B80 
              E000E018 
              20007B84 
Command Line: --debug --xref --diag_suppress=9931 --cpu=Cortex-M4.fp --apcs=int
erwork --depend=.\timer.d -o.\timer.o -I.\RTE\_Target_1 -I"C:\Program Files\Kei
l\ARM\PACK\ARM\CMSIS\5.9.0\CMSIS\Core\Include" -I"C:\Program Files\Keil\ARM\PAC
K\Keil\TM4C_DFP\1.1.0\Device\Include\TM4C129" --predefine="__EVAL SETA 1" --pre
define="__UVISION_VERSION SETA 526" --predefine="_RTE_ SETA 1" --predefine="TM4
C129XNCZAD SETA 1" --list=.\timer.lst timer.s



ARM Macro Assembler    Page 1 Alphabetic symbol ordering
Relocatable symbols

.text 00000000

Symbol: .text
   Definitions
      At line 1 in file timer.s
   Uses
      None
Comment: .text unused
_signal_handler 0000005A

Symbol: _signal_handler
   Definitions
      At line 84 in file timer.s
   Uses
      At line 83 in file timer.s
Comment: _signal_handler used once
_timer_init 00000000

Symbol: _timer_init
   Definitions
      At line 24 in file timer.s
   Uses
      At line 23 in file timer.s
Comment: _timer_init used once
_timer_start 00000012

Symbol: _timer_start
   Definitions
      At line 40 in file timer.s
   Uses
      At line 39 in file timer.s
Comment: _timer_start used once
_timer_update 0000002C

Symbol: _timer_update
   Definitions
      At line 58 in file timer.s
   Uses
      At line 57 in file timer.s
Comment: _timer_update used once
_timer_update_done 00000058

Symbol: _timer_update_done
   Definitions
      At line 77 in file timer.s
   Uses
      At line 64 in file timer.s
Comment: _timer_update_done used once
6 symbols



ARM Macro Assembler    Page 1 Alphabetic symbol ordering
Absolute symbols

SECOND_LEFT 20007B80

Symbol: SECOND_LEFT
   Definitions
      At line 17 in file timer.s
   Uses
      At line 42 in file timer.s
      At line 60 in file timer.s

SIGALRM 0000000E

Symbol: SIGALRM
   Definitions
      At line 14 in file timer.s
   Uses
      At line 86 in file timer.s
Comment: SIGALRM used once
STCTRL E000E010

Symbol: STCTRL
   Definitions
      At line 6 in file timer.s
   Uses
      At line 28 in file timer.s
      At line 45 in file timer.s
      At line 67 in file timer.s

STCTRL_GO 00000007

Symbol: STCTRL_GO
   Definitions
      At line 11 in file timer.s
   Uses
      At line 46 in file timer.s
Comment: STCTRL_GO used once
STCTRL_STOP 00000004

Symbol: STCTRL_STOP
   Definitions
      At line 10 in file timer.s
   Uses
      At line 27 in file timer.s
      At line 65 in file timer.s

STCURRENT E000E018

Symbol: STCURRENT
   Definitions
      At line 8 in file timer.s
   Uses
      At line 48 in file timer.s
Comment: STCURRENT used once
STCURR_CLR 00000000

Symbol: STCURR_CLR
   Definitions
      At line 13 in file timer.s
   Uses
      At line 49 in file timer.s



ARM Macro Assembler    Page 2 Alphabetic symbol ordering
Absolute symbols

Comment: STCURR_CLR used once
STRELOAD E000E014

Symbol: STRELOAD
   Definitions
      At line 7 in file timer.s
   Uses
      At line 32 in file timer.s
Comment: STRELOAD used once
STRELOAD_MX 00FFFFFF

Symbol: STRELOAD_MX
   Definitions
      At line 12 in file timer.s
   Uses
      At line 31 in file timer.s
Comment: STRELOAD_MX used once
USR_HANDLER 20007B84

Symbol: USR_HANDLER
   Definitions
      At line 18 in file timer.s
   Uses
      At line 70 in file timer.s
      At line 87 in file timer.s

10 symbols
353 symbols in table
